21:27:49 **** Incremental Build of configuration Debug for project Practica5Ejercicio1 ****
make -j16 all 
arm-none-eabi-size   Practica5Ejercicio1.elf 
   text	   data	    bss	    dec	    hex	filename
   8868	     68	   1652	  10588	   295c	Practica5Ejercicio1.elf
Finished building: default.size.stdout
 
21:28:05 **** Incremental Build of configuration Debug for project Practica5Ejercicio1 ****
make -j16 all 
arm-none-eabi-size   Practica5Ejercicio1.elf 
   text	   data	    bss	    dec	    hex	filename
   8868	     68	   1652	  10588	   295c	Practica5Ejercicio1.elf
Finished building: default.size.stdout
 
