17:11:45 **** Incremental Build of configuration Debug for project Practica4Ejercicio2 ****
make -j16 all 
arm-none-eabi-gcc "../Src/main.c" -mcpu=cortex-m4 -std=gnu11 -g3 -DDEBUG -DSTM32 -DSTM32F429ZITx -DSTM32F4 -DNUCLEO_F429ZI -DUSE_HAL_DRIVER -DSTM32F429xx -c -I../Inc -I"/home/alan/STM32CubeIDE/workspace_1.11.2/PdM_workspaceAlanAyala/Practica4Ejercicio2/Drivers/STM32F4xx_HAL_Driver/Inc" -I"/home/alan/STM32CubeIDE/workspace_1.11.2/PdM_workspaceAlanAyala/Practica4Ejercicio2/Drivers/CMSIS/Include" -I"/home/alan/STM32CubeIDE/workspace_1.11.2/PdM_workspaceAlanAyala/Practica4Ejercicio2/Drivers/CMSIS/Device/ST/STM32F4xx/Include" -I"/home/alan/STM32CubeIDE/workspace_1.11.2/PdM_workspaceAlanAyala/Practica4Ejercicio2/Drivers/BSP/STM32F4xx_Nucleo_144" -I"/home/alan/STM32CubeIDE/workspace_1.11.2/PdM_workspaceAlanAyala/Practica4Ejercicio2/Drivers/Core/Inc" -I"/home/alan/STM32CubeIDE/workspace_1.11.2/PdM_workspaceAlanAyala/Practica4Ejercicio2/Drivers/API/Inc" -O0 -ffunction-sections -fdata-sections -Wall -fstack-usage -MMD -MP -MF"Src/main.d" -MT"Src/main.o" --specs=nano.specs -mfpu=fpv4-sp-d16 -mfloat-abi=hard -mthumb -o "Src/main.o"
arm-none-eabi-gcc "../Drivers/STM32F4xx_HAL_Driver/Src/stm32f4xx_hal_msp.c" -mcpu=cortex-m4 -std=gnu11 -g3 -DDEBUG -DSTM32 -DSTM32F429ZITx -DSTM32F4 -DNUCLEO_F429ZI -DUSE_HAL_DRIVER -DSTM32F429xx -c -I../Inc -I"/home/alan/STM32CubeIDE/workspace_1.11.2/PdM_workspaceAlanAyala/Practica4Ejercicio2/Drivers/STM32F4xx_HAL_Driver/Inc" -I"/home/alan/STM32CubeIDE/workspace_1.11.2/PdM_workspaceAlanAyala/Practica4Ejercicio2/Drivers/CMSIS/Include" -I"/home/alan/STM32CubeIDE/workspace_1.11.2/PdM_workspaceAlanAyala/Practica4Ejercicio2/Drivers/CMSIS/Device/ST/STM32F4xx/Include" -I"/home/alan/STM32CubeIDE/workspace_1.11.2/PdM_workspaceAlanAyala/Practica4Ejercicio2/Drivers/BSP/STM32F4xx_Nucleo_144" -I"/home/alan/STM32CubeIDE/workspace_1.11.2/PdM_workspaceAlanAyala/Practica4Ejercicio2/Drivers/Core/Inc" -I"/home/alan/STM32CubeIDE/workspace_1.11.2/PdM_workspaceAlanAyala/Practica4Ejercicio2/Drivers/API/Inc" -O0 -ffunction-sections -fdata-sections -Wall -fstack-usage -MMD -MP -MF"Drivers/STM32F4xx_HAL_Driver/Src/stm32f4xx_hal_msp.d" -MT"Drivers/STM32F4xx_HAL_Driver/Src/stm32f4xx_hal_msp.o" --specs=nano.specs -mfpu=fpv4-sp-d16 -mfloat-abi=hard -mthumb -o "Drivers/STM32F4xx_HAL_Driver/Src/stm32f4xx_hal_msp.o"
arm-none-eabi-gcc "../Drivers/Core/Src/stm32f4xx_it.c" -mcpu=cortex-m4 -std=gnu11 -g3 -DDEBUG -DSTM32 -DSTM32F429ZITx -DSTM32F4 -DNUCLEO_F429ZI -DUSE_HAL_DRIVER -DSTM32F429xx -c -I../Inc -I"/home/alan/STM32CubeIDE/workspace_1.11.2/PdM_workspaceAlanAyala/Practica4Ejercicio2/Drivers/STM32F4xx_HAL_Driver/Inc" -I"/home/alan/STM32CubeIDE/workspace_1.11.2/PdM_workspaceAlanAyala/Practica4Ejercicio2/Drivers/CMSIS/Include" -I"/home/alan/STM32CubeIDE/workspace_1.11.2/PdM_workspaceAlanAyala/Practica4Ejercicio2/Drivers/CMSIS/Device/ST/STM32F4xx/Include" -I"/home/alan/STM32CubeIDE/workspace_1.11.2/PdM_workspaceAlanAyala/Practica4Ejercicio2/Drivers/BSP/STM32F4xx_Nucleo_144" -I"/home/alan/STM32CubeIDE/workspace_1.11.2/PdM_workspaceAlanAyala/Practica4Ejercicio2/Drivers/Core/Inc" -I"/home/alan/STM32CubeIDE/workspace_1.11.2/PdM_workspaceAlanAyala/Practica4Ejercicio2/Drivers/API/Inc" -O0 -ffunction-sections -fdata-sections -Wall -fstack-usage -MMD -MP -MF"Drivers/Core/Src/stm32f4xx_it.d" -MT"Drivers/Core/Src/stm32f4xx_it.o" --specs=nano.specs -mfpu=fpv4-sp-d16 -mfloat-abi=hard -mthumb -o "Drivers/Core/Src/stm32f4xx_it.o"
arm-none-eabi-gcc "../Drivers/API/Src/API_debounce.c" -mcpu=cortex-m4 -std=gnu11 -g3 -DDEBUG -DSTM32 -DSTM32F429ZITx -DSTM32F4 -DNUCLEO_F429ZI -DUSE_HAL_DRIVER -DSTM32F429xx -c -I../Inc -I"/home/alan/STM32CubeIDE/workspace_1.11.2/PdM_workspaceAlanAyala/Practica4Ejercicio2/Drivers/STM32F4xx_HAL_Driver/Inc" -I"/home/alan/STM32CubeIDE/workspace_1.11.2/PdM_workspaceAlanAyala/Practica4Ejercicio2/Drivers/CMSIS/Include" -I"/home/alan/STM32CubeIDE/workspace_1.11.2/PdM_workspaceAlanAyala/Practica4Ejercicio2/Drivers/CMSIS/Device/ST/STM32F4xx/Include" -I"/home/alan/STM32CubeIDE/workspace_1.11.2/PdM_workspaceAlanAyala/Practica4Ejercicio2/Drivers/BSP/STM32F4xx_Nucleo_144" -I"/home/alan/STM32CubeIDE/workspace_1.11.2/PdM_workspaceAlanAyala/Practica4Ejercicio2/Drivers/Core/Inc" -I"/home/alan/STM32CubeIDE/workspace_1.11.2/PdM_workspaceAlanAyala/Practica4Ejercicio2/Drivers/API/Inc" -O0 -ffunction-sections -fdata-sections -Wall -fstack-usage -MMD -MP -MF"Drivers/API/Src/API_debounce.d" -MT"Drivers/API/Src/API_debounce.o" --specs=nano.specs -mfpu=fpv4-sp-d16 -mfloat-abi=hard -mthumb -o "Drivers/API/Src/API_debounce.o"
arm-none-eabi-gcc -o "Practica4Ejercicio2.elf" @"objects.list"   -mcpu=cortex-m4 -T"/home/alan/STM32CubeIDE/workspace_1.11.2/PdM_workspaceAlanAyala/Practica4Ejercicio2/STM32F429ZITX_FLASH.ld" --specs=nosys.specs -Wl,-Map="Practica4Ejercicio2.map" -Wl,--gc-sections -static --specs=nano.specs -mfpu=fpv4-sp-d16 -mfloat-abi=hard -mthumb -Wl,--start-group -lc -lm -Wl,--end-group
Finished building target: Practica4Ejercicio2.elf
 
arm-none-eabi-size   Practica4Ejercicio2.elf 
arm-none-eabi-objdump -h -S  Practica4Ejercicio2.elf  > "Practica4Ejercicio2.list"
   text	   data	    bss	    dec	    hex	filename
   7148	     36	   1588	   8772	   2244	Practica4Ejercicio2.elf
Finished building: default.size.stdout
 
Finished building: Practica4Ejercicio2.list
 
17:11:55 **** Incremental Build of configuration Debug for project Practica4Ejercicio2 ****
make -j16 all 
arm-none-eabi-size   Practica4Ejercicio2.elf 
   text	   data	    bss	    dec	    hex	filename
   7148	     36	   1588	   8772	   2244	Practica4Ejercicio2.elf
Finished building: default.size.stdout
 
